c:\users\jwan\downloads\eng1\gameengine2025\gameengine\gameengine\debug\vc143.pdb
c:\users\jwan\downloads\eng1\gameengine2025\gameengine\gameengine\debug\vc143.idb
c:\users\jwan\downloads\eng1\gameengine2025\gameengine\gameengine\debug\texture.obj
c:\users\jwan\downloads\eng1\gameengine2025\gameengine\gameengine\debug\shader.obj
c:\users\jwan\downloads\eng1\gameengine2025\gameengine\gameengine\debug\mesh.obj
c:\users\jwan\downloads\eng1\gameengine2025\gameengine\gameengine\debug\meshloaderobj.obj
c:\users\jwan\downloads\eng1\gameengine2025\gameengine\gameengine\debug\main.obj
c:\users\jwan\downloads\eng1\gameengine2025\gameengine\gameengine\debug\window.obj
c:\users\jwan\downloads\eng1\gameengine2025\gameengine\gameengine\debug\camera.obj
c:\users\jwan\downloads\eng1\gameengine2025\gameengine\debug\gameengine.exe
c:\users\jwan\downloads\eng1\gameengine2025\gameengine\debug\gameengine.pdb
c:\users\jwan\downloads\eng1\gameengine2025\gameengine\gameengine\debug\gameengine.ilk
c:\users\mihah\onedrive\documents\github\ecg_project\gameengine\debug\camera.obj
c:\users\mihah\onedrive\documents\github\ecg_project\gameengine\debug\main.obj
c:\users\mihah\onedrive\documents\github\ecg_project\gameengine\debug\mesh.obj
c:\users\mihah\onedrive\documents\github\ecg_project\gameengine\debug\meshloaderobj.obj
c:\users\mihah\onedrive\documents\github\ecg_project\gameengine\debug\shader.obj
c:\users\mihah\onedrive\documents\github\ecg_project\gameengine\debug\texture.obj
c:\users\mihah\onedrive\documents\github\ecg_project\gameengine\debug\window.obj
c:\users\mihah\onedrive\documents\github\ecg_project\gameengine\debug\gameengine.ilk
c:\users\mihah\onedrive\documents\github\ecg_project\gameengine\debug\vc143.idb
c:\users\mihah\onedrive\documents\github\ecg_project\gameengine\debug\vc143.pdb
c:\users\mihah\onedrive\documents\github\ecg_project\debug\gameengine.pdb
c:\users\mihah\onedrive\documents\github\ecg_project\debug\gameengine.exe
c:\users\mihah\onedrive\documents\github\ecg_project\gameengine\debug\gameengine.tlog\cl.command.1.tlog
c:\users\mihah\onedrive\documents\github\ecg_project\gameengine\debug\gameengine.tlog\cl.items.tlog
c:\users\mihah\onedrive\documents\github\ecg_project\gameengine\debug\gameengine.tlog\cl.read.1.tlog
c:\users\mihah\onedrive\documents\github\ecg_project\gameengine\debug\gameengine.tlog\cl.write.1.tlog
c:\users\mihah\onedrive\documents\github\ecg_project\gameengine\debug\gameengine.tlog\link.command.1.tlog
c:\users\mihah\onedrive\documents\github\ecg_project\gameengine\debug\gameengine.tlog\link.read.1.tlog
c:\users\mihah\onedrive\documents\github\ecg_project\gameengine\debug\gameengine.tlog\link.secondary.1.tlog
c:\users\mihah\onedrive\documents\github\ecg_project\gameengine\debug\gameengine.tlog\link.write.1.tlog
