  camera.cpp
  window.cpp
  main.cpp
C:\Users\mihah\OneDrive\Documents\GitHub\ECG_project\GameEngine\main.cpp(632,28): warning C4244: 'initializing': conversion from 'double' to 'float', possible loss of data
  meshLoaderObj.cpp
  mesh.cpp
  shader.cpp
  texture.cpp
  TextRenderer.cpp
C:\Users\mihah\OneDrive\Documents\GitHub\ECG_project\GameEngine\TextRenderer.cpp(142,27): warning C4018: '>': signed/unsigned mismatch
C:\Users\mihah\OneDrive\Documents\GitHub\ECG_project\GameEngine\TextRenderer.cpp(155,54): warning C4018: '>': signed/unsigned mismatch
  Torch.cpp
  Wall.cpp
  Generating Code...
LINK : warning LNK4098: defaultlib 'MSVCRT' conflicts with use of other libs; use /NODEFAULTLIB:library
LINK : warning LNK4098: defaultlib 'LIBCMT' conflicts with use of other libs; use /NODEFAULTLIB:library
glew32s.lib(glew.obj) : warning LNK4099: PDB 'vc120.pdb' was not found with 'glew32s.lib(glew.obj)' or at 'C:\Users\mihah\OneDrive\Documents\GitHub\ECG_project\Debug\vc120.pdb'; linking object as if no debug info
  GameEngine.vcxproj -> C:\Users\mihah\OneDrive\Documents\GitHub\ECG_project\Debug\GameEngine.exe
  'pwsh.exe' is not recognized as an internal or external command,
  operable program or batch file.
