-- Using cached pnggroup-libpng-v1.6.50.tar.gz
-- Extracting source C:/Users/Jwan/AppData/Local/vcpkg/downloads/pnggroup-libpng-v1.6.50.tar.gz
-- Applying patch cmake.patch
-- Using source at C:/Users/Jwan/Downloads/ECG_project-main/ECG_project-main/vcpkg_installed/x86-windows/vcpkg/blds/libpng/src/v1.6.50-13b6aa9451.clean
-- Found external ninja('1.12.1').
-- Configuring x86-windows
-- Building x86-windows-dbg
-- Building x86-windows-rel
-- Installing: C:/Users/Jwan/Downloads/ECG_project-main/ECG_project-main/vcpkg_installed/x86-windows/vcpkg/pkgs/libpng_x86-windows/share/png/vcpkg-cmake-wrapper.cmake
-- Installing: C:/Users/Jwan/Downloads/ECG_project-main/ECG_project-main/vcpkg_installed/x86-windows/vcpkg/pkgs/libpng_x86-windows/share/libpng/libpng-config.cmake
-- Fixing pkgconfig file: C:/Users/Jwan/Downloads/ECG_project-main/ECG_project-main/vcpkg_installed/x86-windows/vcpkg/pkgs/libpng_x86-windows/lib/pkgconfig/libpng16.pc
-- Using cached msys2-mingw-w64-x86_64-pkgconf-1~2.4.3-1-any.pkg.tar.zst
-- Using cached msys2-msys2-runtime-3.6.2-2-x86_64.pkg.tar.zst
-- Using msys root at C:/Users/Jwan/AppData/Local/vcpkg/downloads/tools/msys2/9272adbcaf19caef
-- Fixing pkgconfig file: C:/Users/Jwan/Downloads/ECG_project-main/ECG_project-main/vcpkg_installed/x86-windows/vcpkg/pkgs/libpng_x86-windows/debug/lib/pkgconfig/libpng16.pc
-- Installing: C:/Users/Jwan/Downloads/ECG_project-main/ECG_project-main/vcpkg_installed/x86-windows/vcpkg/pkgs/libpng_x86-windows/debug/lib/pkgconfig/libpng.pc
-- Installing: C:/Users/Jwan/Downloads/ECG_project-main/ECG_project-main/vcpkg_installed/x86-windows/vcpkg/pkgs/libpng_x86-windows/lib/pkgconfig/libpng.pc
-- Installing: C:/Users/Jwan/Downloads/ECG_project-main/ECG_project-main/vcpkg_installed/x86-windows/vcpkg/pkgs/libpng_x86-windows/share/libpng/usage
-- Installing: C:/Users/Jwan/Downloads/ECG_project-main/ECG_project-main/vcpkg_installed/x86-windows/vcpkg/pkgs/libpng_x86-windows/share/libpng/copyright
-- Performing post-build validation
