[33;1mVERBOSE: Resolving base path C:/Users/Jwan/Downloads/ECG_project-main/ECG_project-main/vcpkg_installed/x86-windows/vcpkg/pkgs/brotli_x86-windows/tools/brotli/brotlidec.dll...[0m
[33;1mVERBOSE: Resolving C:/Users/Jwan/Downloads/ECG_project-main/ECG_project-main/vcpkg_installed/x86-windows/vcpkg/pkgs/brotli_x86-windows/tools/brotli/brotlidec.dll...[0m
[33;1mVERBOSE:   brotlicommon.dll: brotlicommon.dll not found in C:\Users\Jwan\Downloads\ECG_project-main\ECG_project-main\vcpkg_installed\x86-windows\x86-windows; locally deployed[0m
[33;1mVERBOSE: Resolving C:\Users\Jwan\Downloads\ECG_project-main\ECG_project-main\vcpkg_installed\x86-windows\vcpkg\pkgs\brotli_x86-windows\tools\brotli\brotlicommon.dll...[0m
[33;1mVERBOSE:   VCRUNTIME140.dll: C:\Users\Jwan\Downloads\ECG_project-main\ECG_project-main\vcpkg_installed\x86-windows\x86-windows\bin\VCRUNTIME140.dll not found[0m
[33;1mVERBOSE:   api-ms-win-crt-heap-l1-1-0.dll: C:\Users\Jwan\Downloads\ECG_project-main\ECG_project-main\vcpkg_installed\x86-windows\x86-windows\bin\api-ms-win-crt-heap-l1-1-0.dll not found[0m
[33;1mVERBOSE:   api-ms-win-crt-runtime-l1-1-0.dll: C:\Users\Jwan\Downloads\ECG_project-main\ECG_project-main\vcpkg_installed\x86-windows\x86-windows\bin\api-ms-win-crt-runtime-l1-1-0.dll not found[0m
[33;1mVERBOSE:   KERNEL32.dll: C:\Users\Jwan\Downloads\ECG_project-main\ECG_project-main\vcpkg_installed\x86-windows\x86-windows\bin\KERNEL32.dll not found[0m
[33;1mVERBOSE: Done Resolving C:\Users\Jwan\Downloads\ECG_project-main\ECG_project-main\vcpkg_installed\x86-windows\vcpkg\pkgs\brotli_x86-windows\tools\brotli\brotlicommon.dll.[0m
[33;1mVERBOSE:   VCRUNTIME140.dll: previously searched - Skip[0m
[33;1mVERBOSE:   api-ms-win-crt-heap-l1-1-0.dll: previously searched - Skip[0m
[33;1mVERBOSE:   api-ms-win-crt-runtime-l1-1-0.dll: previously searched - Skip[0m
[33;1mVERBOSE:   KERNEL32.dll: previously searched - Skip[0m
[33;1mVERBOSE: Done Resolving C:/Users/Jwan/Downloads/ECG_project-main/ECG_project-main/vcpkg_installed/x86-windows/vcpkg/pkgs/brotli_x86-windows/tools/brotli/brotlidec.dll.[0m
[33;1mVERBOSE: 
Name                           Value
----                           -----
VCRUNTIME140.dll               True
api-ms-win-crt-heap-l1-1-0.dll True
KERNEL32.dll                   True
brotlicommon.dll               True
api-ms-win-crt-runtime-l1-1-0… True

[0m
