-- Using cached google-brotli-v1.1.0.tar.gz
-- Extracting source C:/Users/Jwan/AppData/Local/vcpkg/downloads/google-brotli-v1.1.0.tar.gz
-- Applying patch install.patch
-- Applying patch fix-arm-uwp.patch
-- Applying patch pkgconfig.patch
-- Applying patch emscripten.patch
-- Using source at C:/Users/Jwan/Downloads/ECG_project-main/ECG_project-main/vcpkg_installed/x86-windows/vcpkg/blds/brotli/src/v1.1.0-958bece74c.clean
-- Found external ninja('1.12.1').
-- Configuring x86-windows
-- Building x86-windows-dbg
-- Building x86-windows-rel
-- Fixing pkgconfig file: C:/Users/Jwan/Downloads/ECG_project-main/ECG_project-main/vcpkg_installed/x86-windows/vcpkg/pkgs/brotli_x86-windows/lib/pkgconfig/libbrotlicommon.pc
-- Fixing pkgconfig file: C:/Users/Jwan/Downloads/ECG_project-main/ECG_project-main/vcpkg_installed/x86-windows/vcpkg/pkgs/brotli_x86-windows/lib/pkgconfig/libbrotlidec.pc
-- Fixing pkgconfig file: C:/Users/Jwan/Downloads/ECG_project-main/ECG_project-main/vcpkg_installed/x86-windows/vcpkg/pkgs/brotli_x86-windows/lib/pkgconfig/libbrotlienc.pc
-- Using cached msys2-mingw-w64-x86_64-pkgconf-1~2.4.3-1-any.pkg.tar.zst
-- Using cached msys2-msys2-runtime-3.6.2-2-x86_64.pkg.tar.zst
-- Using msys root at C:/Users/Jwan/AppData/Local/vcpkg/downloads/tools/msys2/9272adbcaf19caef
-- Fixing pkgconfig file: C:/Users/Jwan/Downloads/ECG_project-main/ECG_project-main/vcpkg_installed/x86-windows/vcpkg/pkgs/brotli_x86-windows/debug/lib/pkgconfig/libbrotlicommon.pc
-- Fixing pkgconfig file: C:/Users/Jwan/Downloads/ECG_project-main/ECG_project-main/vcpkg_installed/x86-windows/vcpkg/pkgs/brotli_x86-windows/debug/lib/pkgconfig/libbrotlidec.pc
-- Fixing pkgconfig file: C:/Users/Jwan/Downloads/ECG_project-main/ECG_project-main/vcpkg_installed/x86-windows/vcpkg/pkgs/brotli_x86-windows/debug/lib/pkgconfig/libbrotlienc.pc
-- Installing: C:/Users/Jwan/Downloads/ECG_project-main/ECG_project-main/vcpkg_installed/x86-windows/vcpkg/pkgs/brotli_x86-windows/share/brotli/usage
-- Installing: C:/Users/Jwan/Downloads/ECG_project-main/ECG_project-main/vcpkg_installed/x86-windows/vcpkg/pkgs/brotli_x86-windows/share/brotli/copyright
-- Performing post-build validation
