
---
events:
  -
    kind: "message-v1"
    backtrace:
      - "C:/Program Files/CodeBlocks/MinGW/share/cmake-3.31/Modules/CMakeDetermineSystem.cmake:205 (message)"
      - "CMakeLists.txt:4 (project)"
    message: |
      The system is: Windows - 6.2.9200 - AMD64
  -
    kind: "message-v1"
    backtrace:
      - "C:/Program Files/CodeBlocks/MinGW/share/cmake-3.31/Modules/CMakeDetermineCompilerId.cmake:17 (message)"
      - "C:/Program Files/CodeBlocks/MinGW/share/cmake-3.31/Modules/CMakeDetermineCompilerId.cmake:64 (__determine_compiler_id_test)"
      - "C:/Program Files/CodeBlocks/MinGW/share/cmake-3.31/Modules/CMakeDetermineCCompiler.cmake:123 (CMAKE_DETERMINE_COMPILER_ID)"
      - "CMakeLists.txt:4 (project)"
    message: |
      Compiling the C compiler identification source file "CMakeCCompilerId.c" succeeded.
      Compiler: C:/Program Files/Microsoft Visual Studio/2022/Community/VC/Tools/MSVC/14.44.35207/bin/Hostx64/x64/cl.exe 
      Build flags: /nologo;/DWIN32;/D_WINDOWS;/utf-8;/MP
      Id flags:  
      
      The output was:
      0
      CMakeCCompilerId.c
      
      
      Compilation of the C compiler identification source "CMakeCCompilerId.c" produced "CMakeCCompilerId.exe"
      
      Compilation of the C compiler identification source "CMakeCCompilerId.c" produced "CMakeCCompilerId.obj"
      
      The C compiler identification is MSVC, found in:
        C:/Users/Jwan/Downloads/ECG_project-main/ECG_project-main/vcpkg_installed/vcpkg/blds/zlib/x64-windows-rel/CMakeFiles/3.31.5/CompilerIdC/CMakeCCompilerId.exe
      
  -
    kind: "message-v1"
    backtrace:
      - "C:/Program Files/CodeBlocks/MinGW/share/cmake-3.31/Modules/CMakeDetermineCompilerId.cmake:1288 (message)"
      - "C:/Program Files/CodeBlocks/MinGW/share/cmake-3.31/Modules/CMakeDetermineCompilerId.cmake:250 (CMAKE_DETERMINE_MSVC_SHOWINCLUDES_PREFIX)"
      - "C:/Program Files/CodeBlocks/MinGW/share/cmake-3.31/Modules/CMakeDetermineCCompiler.cmake:123 (CMAKE_DETERMINE_COMPILER_ID)"
      - "CMakeLists.txt:4 (project)"
    message: |
      Detecting C compiler /showIncludes prefix:
        main.c
        Note: including file: C:\\Users\\Jwan\\Downloads\\ECG_project-main\\ECG_project-main\\vcpkg_installed\\vcpkg\\blds\\zlib\\x64-windows-rel\\CMakeFiles\\ShowIncludes\\foo.h
        
      Found prefix "Note: including file: "
  -
    kind: "try_compile-v1"
    backtrace:
      - "C:/Program Files/CodeBlocks/MinGW/share/cmake-3.31/Modules/CMakeDetermineCompilerABI.cmake:74 (try_compile)"
      - "C:/Program Files/CodeBlocks/MinGW/share/cmake-3.31/Modules/CMakeTestCCompiler.cmake:26 (CMAKE_DETERMINE_COMPILER_ABI)"
      - "CMakeLists.txt:4 (project)"
    checks:
      - "Detecting C compiler ABI info"
    directories:
      source: "C:/Users/Jwan/Downloads/ECG_project-main/ECG_project-main/vcpkg_installed/vcpkg/blds/zlib/x64-windows-rel/CMakeFiles/CMakeScratch/TryCompile-cvjjl0"
      binary: "C:/Users/Jwan/Downloads/ECG_project-main/ECG_project-main/vcpkg_installed/vcpkg/blds/zlib/x64-windows-rel/CMakeFiles/CMakeScratch/TryCompile-cvjjl0"
    cmakeVariables:
      CMAKE_C_FLAGS: " /nologo /DWIN32 /D_WINDOWS /utf-8 /MP "
      CMAKE_C_FLAGS_DEBUG: "/MDd /Z7 /Ob0 /Od /RTC1 "
      CMAKE_EXE_LINKER_FLAGS: "/machine:x64"
      CMAKE_MSVC_DEBUG_INFORMATION_FORMAT: ""
      CMAKE_MSVC_RUNTIME_LIBRARY: "MultiThreaded$<$<CONFIG:Debug>:Debug>$<$<STREQUAL:dynamic,dynamic>:DLL>"
      VCPKG_CHAINLOAD_TOOLCHAIN_FILE: "C:/Program Files/Microsoft Visual Studio/2022/Community/VC/vcpkg/scripts/toolchains/windows.cmake"
      VCPKG_CRT_LINKAGE: "dynamic"
      VCPKG_CXX_FLAGS: ""
      VCPKG_CXX_FLAGS_DEBUG: ""
      VCPKG_CXX_FLAGS_RELEASE: ""
      VCPKG_C_FLAGS: ""
      VCPKG_C_FLAGS_DEBUG: ""
      VCPKG_C_FLAGS_RELEASE: ""
      VCPKG_INSTALLED_DIR: "C:/Users/Jwan/Downloads/ECG_project-main/ECG_project-main/vcpkg_installed"
      VCPKG_LINKER_FLAGS: ""
      VCPKG_LINKER_FLAGS_DEBUG: ""
      VCPKG_LINKER_FLAGS_RELEASE: ""
      VCPKG_PLATFORM_TOOLSET: "v143"
      VCPKG_PREFER_SYSTEM_LIBS: "OFF"
      VCPKG_SET_CHARSET_FLAG: "ON"
      VCPKG_TARGET_ARCHITECTURE: "x64"
      VCPKG_TARGET_TRIPLET: "x64-windows"
      Z_VCPKG_ROOT_DIR: "C:/Program Files/Microsoft Visual Studio/2022/Community/VC/vcpkg"
    buildResult:
      variable: "CMAKE_C_ABI_COMPILED"
      cached: true
      stdout: |
        Change Dir: 'C:/Users/Jwan/Downloads/ECG_project-main/ECG_project-main/vcpkg_installed/vcpkg/blds/zlib/x64-windows-rel/CMakeFiles/CMakeScratch/TryCompile-cvjjl0'
        
        Run Build Command(s): "C:/Program Files/Microsoft Visual Studio/2022/Community/Common7/IDE/CommonExtensions/Microsoft/CMake/Ninja/ninja.exe" -v cmTC_c800c
        [1/2] C:\\PROGRA~1\\MICROS~1\\2022\\COMMUN~1\\VC\\Tools\\MSVC\\1444~1.352\\bin\\Hostx64\\x64\\cl.exe  /nologo   /nologo /DWIN32 /D_WINDOWS /utf-8 /MP   /MDd /Z7 /Ob0 /Od /RTC1  -MDd /showIncludes /FoCMakeFiles\\cmTC_c800c.dir\\CMakeCCompilerABI.c.obj /FdCMakeFiles\\cmTC_c800c.dir\\ /FS -c "C:\\Program Files\\CodeBlocks\\MinGW\\share\\cmake-3.31\\Modules\\CMakeCCompilerABI.c"
        [2/2] C:\\WINDOWS\\system32\\cmd.exe /C "cd . && "C:\\Program Files\\CodeBlocks\\MinGW\\bin\\cmake.exe" -E vs_link_exe --msvc-ver=1944 --intdir=CMakeFiles\\cmTC_c800c.dir --rc=C:\\PROGRA~2\\WI3CF2~1\\10\\bin\\100261~1.0\\x64\\rc.exe --mt=C:\\PROGRA~2\\WI3CF2~1\\10\\bin\\100261~1.0\\x64\\mt.exe --manifests  -- C:\\PROGRA~1\\MICROS~1\\2022\\COMMUN~1\\VC\\Tools\\MSVC\\1444~1.352\\bin\\Hostx64\\x64\\link.exe /nologo CMakeFiles\\cmTC_c800c.dir\\CMakeCCompilerABI.c.obj  /out:cmTC_c800c.exe /implib:cmTC_c800c.lib /pdb:cmTC_c800c.pdb /version:0.0 /machine:x64  /nologo    /debug /INCREMENTAL /subsystem:console  kernel32.lib user32.lib gdi32.lib winspool.lib shell32.lib ole32.lib oleaut32.lib uuid.lib comdlg32.lib advapi32.lib && cd ."
        
      exitCode: 0
  -
    kind: "message-v1"
    backtrace:
      - "C:/Program Files/CodeBlocks/MinGW/share/cmake-3.31/Modules/CMakeDetermineCompilerABI.cmake:218 (message)"
      - "C:/Program Files/CodeBlocks/MinGW/share/cmake-3.31/Modules/CMakeTestCCompiler.cmake:26 (CMAKE_DETERMINE_COMPILER_ABI)"
      - "CMakeLists.txt:4 (project)"
    message: |
      Parsed C implicit link information:
        link line regex: [^( *|.*[/\\])(ld[0-9]*(\\.[a-z]+)?|link\\.exe|lld-link(\\.exe)?|CMAKE_LINK_STARTFILE-NOTFOUND|([^/\\]+-)?ld|collect2)[^/\\]*( |$)]
        linker tool regex: [^[ 	]*(->|")?[ 	]*(([^"]*[/\\])?(ld[0-9]*(\\.[a-z]+)?|link\\.exe|lld-link(\\.exe)?))("|,| |$)]
        linker tool for 'C': C:/PROGRA~1/MICROS~1/2022/COMMUN~1/VC/Tools/MSVC/1444~1.352/bin/Hostx64/x64/link.exe
        implicit libs: []
        implicit objs: []
        implicit dirs: []
        implicit fwks: []
      
      
  -
    kind: "message-v1"
    backtrace:
      - "C:/Program Files/CodeBlocks/MinGW/share/cmake-3.31/Modules/Internal/CMakeDetermineLinkerId.cmake:40 (message)"
      - "C:/Program Files/CodeBlocks/MinGW/share/cmake-3.31/Modules/CMakeDetermineCompilerABI.cmake:255 (cmake_determine_linker_id)"
      - "C:/Program Files/CodeBlocks/MinGW/share/cmake-3.31/Modules/CMakeTestCCompiler.cmake:26 (CMAKE_DETERMINE_COMPILER_ABI)"
      - "CMakeLists.txt:4 (project)"
    message: |
      Running the C compiler's linker: "C:/PROGRA~1/MICROS~1/2022/COMMUN~1/VC/Tools/MSVC/1444~1.352/bin/Hostx64/x64/link.exe" "-v"
      Microsoft (R) Incremental Linker Version 14.44.35220.0
      Copyright (C) Microsoft Corporation.  All rights reserved.
  -
    kind: "try_compile-v1"
    backtrace:
      - "C:/Program Files/CodeBlocks/MinGW/share/cmake-3.31/Modules/CheckIncludeFile.cmake:99 (try_compile)"
      - "CMakeLists.txt:22 (check_include_file)"
    checks:
      - "Looking for sys/types.h"
    directories:
      source: "C:/Users/Jwan/Downloads/ECG_project-main/ECG_project-main/vcpkg_installed/vcpkg/blds/zlib/x64-windows-rel/CMakeFiles/CMakeScratch/TryCompile-ykoit6"
      binary: "C:/Users/Jwan/Downloads/ECG_project-main/ECG_project-main/vcpkg_installed/vcpkg/blds/zlib/x64-windows-rel/CMakeFiles/CMakeScratch/TryCompile-ykoit6"
    cmakeVariables:
      CMAKE_C_FLAGS: " /nologo /DWIN32 /D_WINDOWS /utf-8 /MP "
      CMAKE_C_FLAGS_DEBUG: "/MDd /Z7 /Ob0 /Od /RTC1 "
      CMAKE_EXE_LINKER_FLAGS: "/machine:x64"
      CMAKE_MSVC_DEBUG_INFORMATION_FORMAT: ""
      CMAKE_MSVC_RUNTIME_LIBRARY: "MultiThreaded$<$<CONFIG:Debug>:Debug>$<$<STREQUAL:dynamic,dynamic>:DLL>"
      VCPKG_CHAINLOAD_TOOLCHAIN_FILE: "C:/Program Files/Microsoft Visual Studio/2022/Community/VC/vcpkg/scripts/toolchains/windows.cmake"
      VCPKG_CRT_LINKAGE: "dynamic"
      VCPKG_CXX_FLAGS: ""
      VCPKG_CXX_FLAGS_DEBUG: ""
      VCPKG_CXX_FLAGS_RELEASE: ""
      VCPKG_C_FLAGS: ""
      VCPKG_C_FLAGS_DEBUG: ""
      VCPKG_C_FLAGS_RELEASE: ""
      VCPKG_INSTALLED_DIR: "C:/Users/Jwan/Downloads/ECG_project-main/ECG_project-main/vcpkg_installed"
      VCPKG_LINKER_FLAGS: ""
      VCPKG_LINKER_FLAGS_DEBUG: ""
      VCPKG_LINKER_FLAGS_RELEASE: ""
      VCPKG_PLATFORM_TOOLSET: "v143"
      VCPKG_PREFER_SYSTEM_LIBS: "OFF"
      VCPKG_SET_CHARSET_FLAG: "ON"
      VCPKG_TARGET_ARCHITECTURE: "x64"
      VCPKG_TARGET_TRIPLET: "x64-windows"
      Z_VCPKG_ROOT_DIR: "C:/Program Files/Microsoft Visual Studio/2022/Community/VC/vcpkg"
    buildResult:
      variable: "HAVE_SYS_TYPES_H"
      cached: true
      stdout: |
        Change Dir: 'C:/Users/Jwan/Downloads/ECG_project-main/ECG_project-main/vcpkg_installed/vcpkg/blds/zlib/x64-windows-rel/CMakeFiles/CMakeScratch/TryCompile-ykoit6'
        
        Run Build Command(s): "C:/Program Files/Microsoft Visual Studio/2022/Community/Common7/IDE/CommonExtensions/Microsoft/CMake/Ninja/ninja.exe" -v cmTC_dbf3a
        [1/2] C:\\PROGRA~1\\MICROS~1\\2022\\COMMUN~1\\VC\\Tools\\MSVC\\1444~1.352\\bin\\Hostx64\\x64\\cl.exe  /nologo   /nologo /DWIN32 /D_WINDOWS /utf-8 /MP   /MDd /Z7 /Ob0 /Od /RTC1  -MDd /showIncludes /FoCMakeFiles\\cmTC_dbf3a.dir\\CheckIncludeFile.c.obj /FdCMakeFiles\\cmTC_dbf3a.dir\\ /FS -c C:\\Users\\Jwan\\Downloads\\ECG_project-main\\ECG_project-main\\vcpkg_installed\\vcpkg\\blds\\zlib\\x64-windows-rel\\CMakeFiles\\CMakeScratch\\TryCompile-ykoit6\\CheckIncludeFile.c
        [2/2] C:\\WINDOWS\\system32\\cmd.exe /C "cd . && "C:\\Program Files\\CodeBlocks\\MinGW\\bin\\cmake.exe" -E vs_link_exe --msvc-ver=1944 --intdir=CMakeFiles\\cmTC_dbf3a.dir --rc=C:\\PROGRA~2\\WI3CF2~1\\10\\bin\\100261~1.0\\x64\\rc.exe --mt=C:\\PROGRA~2\\WI3CF2~1\\10\\bin\\100261~1.0\\x64\\mt.exe --manifests  -- C:\\PROGRA~1\\MICROS~1\\2022\\COMMUN~1\\VC\\Tools\\MSVC\\1444~1.352\\bin\\Hostx64\\x64\\link.exe /nologo CMakeFiles\\cmTC_dbf3a.dir\\CheckIncludeFile.c.obj  /out:cmTC_dbf3a.exe /implib:cmTC_dbf3a.lib /pdb:cmTC_dbf3a.pdb /version:0.0 /machine:x64  /nologo    /debug /INCREMENTAL /subsystem:console  kernel32.lib user32.lib gdi32.lib winspool.lib shell32.lib ole32.lib oleaut32.lib uuid.lib comdlg32.lib advapi32.lib && cd ."
        
      exitCode: 0
  -
    kind: "try_compile-v1"
    backtrace:
      - "C:/Program Files/CodeBlocks/MinGW/share/cmake-3.31/Modules/CheckIncludeFile.cmake:99 (try_compile)"
      - "CMakeLists.txt:23 (check_include_file)"
    checks:
      - "Looking for stdint.h"
    directories:
      source: "C:/Users/Jwan/Downloads/ECG_project-main/ECG_project-main/vcpkg_installed/vcpkg/blds/zlib/x64-windows-rel/CMakeFiles/CMakeScratch/TryCompile-ltqhw9"
      binary: "C:/Users/Jwan/Downloads/ECG_project-main/ECG_project-main/vcpkg_installed/vcpkg/blds/zlib/x64-windows-rel/CMakeFiles/CMakeScratch/TryCompile-ltqhw9"
    cmakeVariables:
      CMAKE_C_FLAGS: " /nologo /DWIN32 /D_WINDOWS /utf-8 /MP "
      CMAKE_C_FLAGS_DEBUG: "/MDd /Z7 /Ob0 /Od /RTC1 "
      CMAKE_EXE_LINKER_FLAGS: "/machine:x64"
      CMAKE_MSVC_DEBUG_INFORMATION_FORMAT: ""
      CMAKE_MSVC_RUNTIME_LIBRARY: "MultiThreaded$<$<CONFIG:Debug>:Debug>$<$<STREQUAL:dynamic,dynamic>:DLL>"
      VCPKG_CHAINLOAD_TOOLCHAIN_FILE: "C:/Program Files/Microsoft Visual Studio/2022/Community/VC/vcpkg/scripts/toolchains/windows.cmake"
      VCPKG_CRT_LINKAGE: "dynamic"
      VCPKG_CXX_FLAGS: ""
      VCPKG_CXX_FLAGS_DEBUG: ""
      VCPKG_CXX_FLAGS_RELEASE: ""
      VCPKG_C_FLAGS: ""
      VCPKG_C_FLAGS_DEBUG: ""
      VCPKG_C_FLAGS_RELEASE: ""
      VCPKG_INSTALLED_DIR: "C:/Users/Jwan/Downloads/ECG_project-main/ECG_project-main/vcpkg_installed"
      VCPKG_LINKER_FLAGS: ""
      VCPKG_LINKER_FLAGS_DEBUG: ""
      VCPKG_LINKER_FLAGS_RELEASE: ""
      VCPKG_PLATFORM_TOOLSET: "v143"
      VCPKG_PREFER_SYSTEM_LIBS: "OFF"
      VCPKG_SET_CHARSET_FLAG: "ON"
      VCPKG_TARGET_ARCHITECTURE: "x64"
      VCPKG_TARGET_TRIPLET: "x64-windows"
      Z_VCPKG_ROOT_DIR: "C:/Program Files/Microsoft Visual Studio/2022/Community/VC/vcpkg"
    buildResult:
      variable: "HAVE_STDINT_H"
      cached: true
      stdout: |
        Change Dir: 'C:/Users/Jwan/Downloads/ECG_project-main/ECG_project-main/vcpkg_installed/vcpkg/blds/zlib/x64-windows-rel/CMakeFiles/CMakeScratch/TryCompile-ltqhw9'
        
        Run Build Command(s): "C:/Program Files/Microsoft Visual Studio/2022/Community/Common7/IDE/CommonExtensions/Microsoft/CMake/Ninja/ninja.exe" -v cmTC_730f1
        [1/2] C:\\PROGRA~1\\MICROS~1\\2022\\COMMUN~1\\VC\\Tools\\MSVC\\1444~1.352\\bin\\Hostx64\\x64\\cl.exe  /nologo   /nologo /DWIN32 /D_WINDOWS /utf-8 /MP   /MDd /Z7 /Ob0 /Od /RTC1  -MDd /showIncludes /FoCMakeFiles\\cmTC_730f1.dir\\CheckIncludeFile.c.obj /FdCMakeFiles\\cmTC_730f1.dir\\ /FS -c C:\\Users\\Jwan\\Downloads\\ECG_project-main\\ECG_project-main\\vcpkg_installed\\vcpkg\\blds\\zlib\\x64-windows-rel\\CMakeFiles\\CMakeScratch\\TryCompile-ltqhw9\\CheckIncludeFile.c
        [2/2] C:\\WINDOWS\\system32\\cmd.exe /C "cd . && "C:\\Program Files\\CodeBlocks\\MinGW\\bin\\cmake.exe" -E vs_link_exe --msvc-ver=1944 --intdir=CMakeFiles\\cmTC_730f1.dir --rc=C:\\PROGRA~2\\WI3CF2~1\\10\\bin\\100261~1.0\\x64\\rc.exe --mt=C:\\PROGRA~2\\WI3CF2~1\\10\\bin\\100261~1.0\\x64\\mt.exe --manifests  -- C:\\PROGRA~1\\MICROS~1\\2022\\COMMUN~1\\VC\\Tools\\MSVC\\1444~1.352\\bin\\Hostx64\\x64\\link.exe /nologo CMakeFiles\\cmTC_730f1.dir\\CheckIncludeFile.c.obj  /out:cmTC_730f1.exe /implib:cmTC_730f1.lib /pdb:cmTC_730f1.pdb /version:0.0 /machine:x64  /nologo    /debug /INCREMENTAL /subsystem:console  kernel32.lib user32.lib gdi32.lib winspool.lib shell32.lib ole32.lib oleaut32.lib uuid.lib comdlg32.lib advapi32.lib && cd ."
        
      exitCode: 0
  -
    kind: "try_compile-v1"
    backtrace:
      - "C:/Program Files/CodeBlocks/MinGW/share/cmake-3.31/Modules/CheckIncludeFile.cmake:99 (try_compile)"
      - "CMakeLists.txt:24 (check_include_file)"
    checks:
      - "Looking for stddef.h"
    directories:
      source: "C:/Users/Jwan/Downloads/ECG_project-main/ECG_project-main/vcpkg_installed/vcpkg/blds/zlib/x64-windows-rel/CMakeFiles/CMakeScratch/TryCompile-ieg0z7"
      binary: "C:/Users/Jwan/Downloads/ECG_project-main/ECG_project-main/vcpkg_installed/vcpkg/blds/zlib/x64-windows-rel/CMakeFiles/CMakeScratch/TryCompile-ieg0z7"
    cmakeVariables:
      CMAKE_C_FLAGS: " /nologo /DWIN32 /D_WINDOWS /utf-8 /MP "
      CMAKE_C_FLAGS_DEBUG: "/MDd /Z7 /Ob0 /Od /RTC1 "
      CMAKE_EXE_LINKER_FLAGS: "/machine:x64"
      CMAKE_MSVC_DEBUG_INFORMATION_FORMAT: ""
      CMAKE_MSVC_RUNTIME_LIBRARY: "MultiThreaded$<$<CONFIG:Debug>:Debug>$<$<STREQUAL:dynamic,dynamic>:DLL>"
      VCPKG_CHAINLOAD_TOOLCHAIN_FILE: "C:/Program Files/Microsoft Visual Studio/2022/Community/VC/vcpkg/scripts/toolchains/windows.cmake"
      VCPKG_CRT_LINKAGE: "dynamic"
      VCPKG_CXX_FLAGS: ""
      VCPKG_CXX_FLAGS_DEBUG: ""
      VCPKG_CXX_FLAGS_RELEASE: ""
      VCPKG_C_FLAGS: ""
      VCPKG_C_FLAGS_DEBUG: ""
      VCPKG_C_FLAGS_RELEASE: ""
      VCPKG_INSTALLED_DIR: "C:/Users/Jwan/Downloads/ECG_project-main/ECG_project-main/vcpkg_installed"
      VCPKG_LINKER_FLAGS: ""
      VCPKG_LINKER_FLAGS_DEBUG: ""
      VCPKG_LINKER_FLAGS_RELEASE: ""
      VCPKG_PLATFORM_TOOLSET: "v143"
      VCPKG_PREFER_SYSTEM_LIBS: "OFF"
      VCPKG_SET_CHARSET_FLAG: "ON"
      VCPKG_TARGET_ARCHITECTURE: "x64"
      VCPKG_TARGET_TRIPLET: "x64-windows"
      Z_VCPKG_ROOT_DIR: "C:/Program Files/Microsoft Visual Studio/2022/Community/VC/vcpkg"
    buildResult:
      variable: "HAVE_STDDEF_H"
      cached: true
      stdout: |
        Change Dir: 'C:/Users/Jwan/Downloads/ECG_project-main/ECG_project-main/vcpkg_installed/vcpkg/blds/zlib/x64-windows-rel/CMakeFiles/CMakeScratch/TryCompile-ieg0z7'
        
        Run Build Command(s): "C:/Program Files/Microsoft Visual Studio/2022/Community/Common7/IDE/CommonExtensions/Microsoft/CMake/Ninja/ninja.exe" -v cmTC_681d2
        [1/2] C:\\PROGRA~1\\MICROS~1\\2022\\COMMUN~1\\VC\\Tools\\MSVC\\1444~1.352\\bin\\Hostx64\\x64\\cl.exe  /nologo   /nologo /DWIN32 /D_WINDOWS /utf-8 /MP   /MDd /Z7 /Ob0 /Od /RTC1  -MDd /showIncludes /FoCMakeFiles\\cmTC_681d2.dir\\CheckIncludeFile.c.obj /FdCMakeFiles\\cmTC_681d2.dir\\ /FS -c C:\\Users\\Jwan\\Downloads\\ECG_project-main\\ECG_project-main\\vcpkg_installed\\vcpkg\\blds\\zlib\\x64-windows-rel\\CMakeFiles\\CMakeScratch\\TryCompile-ieg0z7\\CheckIncludeFile.c
        [2/2] C:\\WINDOWS\\system32\\cmd.exe /C "cd . && "C:\\Program Files\\CodeBlocks\\MinGW\\bin\\cmake.exe" -E vs_link_exe --msvc-ver=1944 --intdir=CMakeFiles\\cmTC_681d2.dir --rc=C:\\PROGRA~2\\WI3CF2~1\\10\\bin\\100261~1.0\\x64\\rc.exe --mt=C:\\PROGRA~2\\WI3CF2~1\\10\\bin\\100261~1.0\\x64\\mt.exe --manifests  -- C:\\PROGRA~1\\MICROS~1\\2022\\COMMUN~1\\VC\\Tools\\MSVC\\1444~1.352\\bin\\Hostx64\\x64\\link.exe /nologo CMakeFiles\\cmTC_681d2.dir\\CheckIncludeFile.c.obj  /out:cmTC_681d2.exe /implib:cmTC_681d2.lib /pdb:cmTC_681d2.pdb /version:0.0 /machine:x64  /nologo    /debug /INCREMENTAL /subsystem:console  kernel32.lib user32.lib gdi32.lib winspool.lib shell32.lib ole32.lib oleaut32.lib uuid.lib comdlg32.lib advapi32.lib && cd ."
        
      exitCode: 0
  -
    kind: "try_compile-v1"
    backtrace:
      - "C:/Program Files/CodeBlocks/MinGW/share/cmake-3.31/Modules/CheckTypeSize.cmake:156 (try_compile)"
      - "C:/Program Files/CodeBlocks/MinGW/share/cmake-3.31/Modules/CheckTypeSize.cmake:283 (__check_type_size_impl)"
      - "CMakeLists.txt:42 (check_type_size)"
    checks:
      - "Check size of off64_t"
    directories:
      source: "C:/Users/Jwan/Downloads/ECG_project-main/ECG_project-main/vcpkg_installed/vcpkg/blds/zlib/x64-windows-rel/CMakeFiles/CMakeScratch/TryCompile-l0zxme"
      binary: "C:/Users/Jwan/Downloads/ECG_project-main/ECG_project-main/vcpkg_installed/vcpkg/blds/zlib/x64-windows-rel/CMakeFiles/CMakeScratch/TryCompile-l0zxme"
    cmakeVariables:
      CMAKE_C_FLAGS: " /nologo /DWIN32 /D_WINDOWS /utf-8 /MP "
      CMAKE_C_FLAGS_DEBUG: "/MDd /Z7 /Ob0 /Od /RTC1 "
      CMAKE_EXE_LINKER_FLAGS: "/machine:x64"
      CMAKE_MSVC_DEBUG_INFORMATION_FORMAT: ""
      CMAKE_MSVC_RUNTIME_LIBRARY: "MultiThreaded$<$<CONFIG:Debug>:Debug>$<$<STREQUAL:dynamic,dynamic>:DLL>"
      VCPKG_CHAINLOAD_TOOLCHAIN_FILE: "C:/Program Files/Microsoft Visual Studio/2022/Community/VC/vcpkg/scripts/toolchains/windows.cmake"
      VCPKG_CRT_LINKAGE: "dynamic"
      VCPKG_CXX_FLAGS: ""
      VCPKG_CXX_FLAGS_DEBUG: ""
      VCPKG_CXX_FLAGS_RELEASE: ""
      VCPKG_C_FLAGS: ""
      VCPKG_C_FLAGS_DEBUG: ""
      VCPKG_C_FLAGS_RELEASE: ""
      VCPKG_INSTALLED_DIR: "C:/Users/Jwan/Downloads/ECG_project-main/ECG_project-main/vcpkg_installed"
      VCPKG_LINKER_FLAGS: ""
      VCPKG_LINKER_FLAGS_DEBUG: ""
      VCPKG_LINKER_FLAGS_RELEASE: ""
      VCPKG_PLATFORM_TOOLSET: "v143"
      VCPKG_PREFER_SYSTEM_LIBS: "OFF"
      VCPKG_SET_CHARSET_FLAG: "ON"
      VCPKG_TARGET_ARCHITECTURE: "x64"
      VCPKG_TARGET_TRIPLET: "x64-windows"
      Z_VCPKG_ROOT_DIR: "C:/Program Files/Microsoft Visual Studio/2022/Community/VC/vcpkg"
    buildResult:
      variable: "HAVE_OFF64_T"
      cached: true
      stdout: |
        Change Dir: 'C:/Users/Jwan/Downloads/ECG_project-main/ECG_project-main/vcpkg_installed/vcpkg/blds/zlib/x64-windows-rel/CMakeFiles/CMakeScratch/TryCompile-l0zxme'
        
        Run Build Command(s): "C:/Program Files/Microsoft Visual Studio/2022/Community/Common7/IDE/CommonExtensions/Microsoft/CMake/Ninja/ninja.exe" -v cmTC_c0d4f
        [1/2] C:\\PROGRA~1\\MICROS~1\\2022\\COMMUN~1\\VC\\Tools\\MSVC\\1444~1.352\\bin\\Hostx64\\x64\\cl.exe  /nologo -DHAVE_STDDEF_H -DHAVE_STDINT_H -DHAVE_SYS_TYPES_H -D_LARGEFILE64_SOURCE=1  /nologo /DWIN32 /D_WINDOWS /utf-8 /MP   /MDd /Z7 /Ob0 /Od /RTC1  -MDd /showIncludes /FoCMakeFiles\\cmTC_c0d4f.dir\\OFF64_T.c.obj /FdCMakeFiles\\cmTC_c0d4f.dir\\ /FS -c C:\\Users\\Jwan\\Downloads\\ECG_project-main\\ECG_project-main\\vcpkg_installed\\vcpkg\\blds\\zlib\\x64-windows-rel\\CMakeFiles\\CMakeScratch\\TryCompile-l0zxme\\OFF64_T.c
        FAILED: CMakeFiles/cmTC_c0d4f.dir/OFF64_T.c.obj 
        C:\\PROGRA~1\\MICROS~1\\2022\\COMMUN~1\\VC\\Tools\\MSVC\\1444~1.352\\bin\\Hostx64\\x64\\cl.exe  /nologo -DHAVE_STDDEF_H -DHAVE_STDINT_H -DHAVE_SYS_TYPES_H -D_LARGEFILE64_SOURCE=1  /nologo /DWIN32 /D_WINDOWS /utf-8 /MP   /MDd /Z7 /Ob0 /Od /RTC1  -MDd /showIncludes /FoCMakeFiles\\cmTC_c0d4f.dir\\OFF64_T.c.obj /FdCMakeFiles\\cmTC_c0d4f.dir\\ /FS -c C:\\Users\\Jwan\\Downloads\\ECG_project-main\\ECG_project-main\\vcpkg_installed\\vcpkg\\blds\\zlib\\x64-windows-rel\\CMakeFiles\\CMakeScratch\\TryCompile-l0zxme\\OFF64_T.c
        C:\\Users\\Jwan\\Downloads\\ECG_project-main\\ECG_project-main\\vcpkg_installed\\vcpkg\\blds\\zlib\\x64-windows-rel\\CMakeFiles\\CMakeScratch\\TryCompile-l0zxme\\OFF64_T.c(29): error C2065: 'off64_t': undeclared identifier
        C:\\Users\\Jwan\\Downloads\\ECG_project-main\\ECG_project-main\\vcpkg_installed\\vcpkg\\blds\\zlib\\x64-windows-rel\\CMakeFiles\\CMakeScratch\\TryCompile-l0zxme\\OFF64_T.c(30): error C2065: 'off64_t': undeclared identifier
        C:\\Users\\Jwan\\Downloads\\ECG_project-main\\ECG_project-main\\vcpkg_installed\\vcpkg\\blds\\zlib\\x64-windows-rel\\CMakeFiles\\CMakeScratch\\TryCompile-l0zxme\\OFF64_T.c(31): error C2065: 'off64_t': undeclared identifier
        C:\\Users\\Jwan\\Downloads\\ECG_project-main\\ECG_project-main\\vcpkg_installed\\vcpkg\\blds\\zlib\\x64-windows-rel\\CMakeFiles\\CMakeScratch\\TryCompile-l0zxme\\OFF64_T.c(32): error C2065: 'off64_t': undeclared identifier
        C:\\Users\\Jwan\\Downloads\\ECG_project-main\\ECG_project-main\\vcpkg_installed\\vcpkg\\blds\\zlib\\x64-windows-rel\\CMakeFiles\\CMakeScratch\\TryCompile-l0zxme\\OFF64_T.c(33): error C2065: 'off64_t': undeclared identifier
        ninja: build stopped: subcommand failed.
        
      exitCode: 1
  -
    kind: "try_compile-v1"
    backtrace:
      - "C:/Program Files/CodeBlocks/MinGW/share/cmake-3.31/Modules/CheckFunctionExists.cmake:93 (try_compile)"
      - "CMakeLists.txt:51 (check_function_exists)"
    checks:
      - "Looking for fseeko"
    directories:
      source: "C:/Users/Jwan/Downloads/ECG_project-main/ECG_project-main/vcpkg_installed/vcpkg/blds/zlib/x64-windows-rel/CMakeFiles/CMakeScratch/TryCompile-lc9dzo"
      binary: "C:/Users/Jwan/Downloads/ECG_project-main/ECG_project-main/vcpkg_installed/vcpkg/blds/zlib/x64-windows-rel/CMakeFiles/CMakeScratch/TryCompile-lc9dzo"
    cmakeVariables:
      CMAKE_C_FLAGS: " /nologo /DWIN32 /D_WINDOWS /utf-8 /MP "
      CMAKE_C_FLAGS_DEBUG: "/MDd /Z7 /Ob0 /Od /RTC1 "
      CMAKE_EXE_LINKER_FLAGS: "/machine:x64"
      CMAKE_MSVC_DEBUG_INFORMATION_FORMAT: ""
      CMAKE_MSVC_RUNTIME_LIBRARY: "MultiThreaded$<$<CONFIG:Debug>:Debug>$<$<STREQUAL:dynamic,dynamic>:DLL>"
      VCPKG_CHAINLOAD_TOOLCHAIN_FILE: "C:/Program Files/Microsoft Visual Studio/2022/Community/VC/vcpkg/scripts/toolchains/windows.cmake"
      VCPKG_CRT_LINKAGE: "dynamic"
      VCPKG_CXX_FLAGS: ""
      VCPKG_CXX_FLAGS_DEBUG: ""
      VCPKG_CXX_FLAGS_RELEASE: ""
      VCPKG_C_FLAGS: ""
      VCPKG_C_FLAGS_DEBUG: ""
      VCPKG_C_FLAGS_RELEASE: ""
      VCPKG_INSTALLED_DIR: "C:/Users/Jwan/Downloads/ECG_project-main/ECG_project-main/vcpkg_installed"
      VCPKG_LINKER_FLAGS: ""
      VCPKG_LINKER_FLAGS_DEBUG: ""
      VCPKG_LINKER_FLAGS_RELEASE: ""
      VCPKG_PLATFORM_TOOLSET: "v143"
      VCPKG_PREFER_SYSTEM_LIBS: "OFF"
      VCPKG_SET_CHARSET_FLAG: "ON"
      VCPKG_TARGET_ARCHITECTURE: "x64"
      VCPKG_TARGET_TRIPLET: "x64-windows"
      Z_VCPKG_ROOT_DIR: "C:/Program Files/Microsoft Visual Studio/2022/Community/VC/vcpkg"
    buildResult:
      variable: "HAVE_FSEEKO"
      cached: true
      stdout: |
        Change Dir: 'C:/Users/Jwan/Downloads/ECG_project-main/ECG_project-main/vcpkg_installed/vcpkg/blds/zlib/x64-windows-rel/CMakeFiles/CMakeScratch/TryCompile-lc9dzo'
        
        Run Build Command(s): "C:/Program Files/Microsoft Visual Studio/2022/Community/Common7/IDE/CommonExtensions/Microsoft/CMake/Ninja/ninja.exe" -v cmTC_ab447
        [1/2] C:\\PROGRA~1\\MICROS~1\\2022\\COMMUN~1\\VC\\Tools\\MSVC\\1444~1.352\\bin\\Hostx64\\x64\\cl.exe  /nologo   /nologo /DWIN32 /D_WINDOWS /utf-8 /MP  -DCHECK_FUNCTION_EXISTS=fseeko /MDd /Z7 /Ob0 /Od /RTC1  -MDd /showIncludes /FoCMakeFiles\\cmTC_ab447.dir\\CheckFunctionExists.c.obj /FdCMakeFiles\\cmTC_ab447.dir\\ /FS -c C:\\Users\\Jwan\\Downloads\\ECG_project-main\\ECG_project-main\\vcpkg_installed\\vcpkg\\blds\\zlib\\x64-windows-rel\\CMakeFiles\\CMakeScratch\\TryCompile-lc9dzo\\CheckFunctionExists.c
        [2/2] C:\\WINDOWS\\system32\\cmd.exe /C "cd . && "C:\\Program Files\\CodeBlocks\\MinGW\\bin\\cmake.exe" -E vs_link_exe --msvc-ver=1944 --intdir=CMakeFiles\\cmTC_ab447.dir --rc=C:\\PROGRA~2\\WI3CF2~1\\10\\bin\\100261~1.0\\x64\\rc.exe --mt=C:\\PROGRA~2\\WI3CF2~1\\10\\bin\\100261~1.0\\x64\\mt.exe --manifests  -- C:\\PROGRA~1\\MICROS~1\\2022\\COMMUN~1\\VC\\Tools\\MSVC\\1444~1.352\\bin\\Hostx64\\x64\\link.exe /nologo CMakeFiles\\cmTC_ab447.dir\\CheckFunctionExists.c.obj  /out:cmTC_ab447.exe /implib:cmTC_ab447.lib /pdb:cmTC_ab447.pdb /version:0.0 /machine:x64  /nologo    /debug /INCREMENTAL /subsystem:console  kernel32.lib user32.lib gdi32.lib winspool.lib shell32.lib ole32.lib oleaut32.lib uuid.lib comdlg32.lib advapi32.lib && cd ."
        FAILED: cmTC_ab447.exe 
        C:\\WINDOWS\\system32\\cmd.exe /C "cd . && "C:\\Program Files\\CodeBlocks\\MinGW\\bin\\cmake.exe" -E vs_link_exe --msvc-ver=1944 --intdir=CMakeFiles\\cmTC_ab447.dir --rc=C:\\PROGRA~2\\WI3CF2~1\\10\\bin\\100261~1.0\\x64\\rc.exe --mt=C:\\PROGRA~2\\WI3CF2~1\\10\\bin\\100261~1.0\\x64\\mt.exe --manifests  -- C:\\PROGRA~1\\MICROS~1\\2022\\COMMUN~1\\VC\\Tools\\MSVC\\1444~1.352\\bin\\Hostx64\\x64\\link.exe /nologo CMakeFiles\\cmTC_ab447.dir\\CheckFunctionExists.c.obj  /out:cmTC_ab447.exe /implib:cmTC_ab447.lib /pdb:cmTC_ab447.pdb /version:0.0 /machine:x64  /nologo    /debug /INCREMENTAL /subsystem:console  kernel32.lib user32.lib gdi32.lib winspool.lib shell32.lib ole32.lib oleaut32.lib uuid.lib comdlg32.lib advapi32.lib && cd ."
        LINK Pass 1: command "C:\\PROGRA~1\\MICROS~1\\2022\\COMMUN~1\\VC\\Tools\\MSVC\\1444~1.352\\bin\\Hostx64\\x64\\link.exe /nologo CMakeFiles\\cmTC_ab447.dir\\CheckFunctionExists.c.obj /out:cmTC_ab447.exe /implib:cmTC_ab447.lib /pdb:cmTC_ab447.pdb /version:0.0 /machine:x64 /nologo /debug /INCREMENTAL /subsystem:console kernel32.lib user32.lib gdi32.lib winspool.lib shell32.lib ole32.lib oleaut32.lib uuid.lib comdlg32.lib advapi32.lib /MANIFEST /MANIFESTFILE:CMakeFiles\\cmTC_ab447.dir/intermediate.manifest CMakeFiles\\cmTC_ab447.dir/manifest.res" failed (exit code 1120) with the following output:
        CheckFunctionExists.c.obj : error LNK2019: unresolved external symbol fseeko referenced in function main\x0d
        cmTC_ab447.exe : fatal error LNK1120: 1 unresolved externals\x0d
        ninja: build stopped: subcommand failed.
        
      exitCode: 1
  -
    kind: "try_compile-v1"
    backtrace:
      - "C:/Program Files/CodeBlocks/MinGW/share/cmake-3.31/Modules/CheckIncludeFile.cmake:99 (try_compile)"
      - "CMakeLists.txt:59 (check_include_file)"
    checks:
      - "Looking for unistd.h"
    directories:
      source: "C:/Users/Jwan/Downloads/ECG_project-main/ECG_project-main/vcpkg_installed/vcpkg/blds/zlib/x64-windows-rel/CMakeFiles/CMakeScratch/TryCompile-71r9q0"
      binary: "C:/Users/Jwan/Downloads/ECG_project-main/ECG_project-main/vcpkg_installed/vcpkg/blds/zlib/x64-windows-rel/CMakeFiles/CMakeScratch/TryCompile-71r9q0"
    cmakeVariables:
      CMAKE_C_FLAGS: " /nologo /DWIN32 /D_WINDOWS /utf-8 /MP "
      CMAKE_C_FLAGS_DEBUG: "/MDd /Z7 /Ob0 /Od /RTC1 "
      CMAKE_EXE_LINKER_FLAGS: "/machine:x64"
      CMAKE_MSVC_DEBUG_INFORMATION_FORMAT: ""
      CMAKE_MSVC_RUNTIME_LIBRARY: "MultiThreaded$<$<CONFIG:Debug>:Debug>$<$<STREQUAL:dynamic,dynamic>:DLL>"
      VCPKG_CHAINLOAD_TOOLCHAIN_FILE: "C:/Program Files/Microsoft Visual Studio/2022/Community/VC/vcpkg/scripts/toolchains/windows.cmake"
      VCPKG_CRT_LINKAGE: "dynamic"
      VCPKG_CXX_FLAGS: ""
      VCPKG_CXX_FLAGS_DEBUG: ""
      VCPKG_CXX_FLAGS_RELEASE: ""
      VCPKG_C_FLAGS: ""
      VCPKG_C_FLAGS_DEBUG: ""
      VCPKG_C_FLAGS_RELEASE: ""
      VCPKG_INSTALLED_DIR: "C:/Users/Jwan/Downloads/ECG_project-main/ECG_project-main/vcpkg_installed"
      VCPKG_LINKER_FLAGS: ""
      VCPKG_LINKER_FLAGS_DEBUG: ""
      VCPKG_LINKER_FLAGS_RELEASE: ""
      VCPKG_PLATFORM_TOOLSET: "v143"
      VCPKG_PREFER_SYSTEM_LIBS: "OFF"
      VCPKG_SET_CHARSET_FLAG: "ON"
      VCPKG_TARGET_ARCHITECTURE: "x64"
      VCPKG_TARGET_TRIPLET: "x64-windows"
      Z_VCPKG_ROOT_DIR: "C:/Program Files/Microsoft Visual Studio/2022/Community/VC/vcpkg"
    buildResult:
      variable: "Z_HAVE_UNISTD_H"
      cached: true
      stdout: |
        Change Dir: 'C:/Users/Jwan/Downloads/ECG_project-main/ECG_project-main/vcpkg_installed/vcpkg/blds/zlib/x64-windows-rel/CMakeFiles/CMakeScratch/TryCompile-71r9q0'
        
        Run Build Command(s): "C:/Program Files/Microsoft Visual Studio/2022/Community/Common7/IDE/CommonExtensions/Microsoft/CMake/Ninja/ninja.exe" -v cmTC_bcf69
        [1/2] C:\\PROGRA~1\\MICROS~1\\2022\\COMMUN~1\\VC\\Tools\\MSVC\\1444~1.352\\bin\\Hostx64\\x64\\cl.exe  /nologo   /nologo /DWIN32 /D_WINDOWS /utf-8 /MP   /MDd /Z7 /Ob0 /Od /RTC1  -MDd /showIncludes /FoCMakeFiles\\cmTC_bcf69.dir\\CheckIncludeFile.c.obj /FdCMakeFiles\\cmTC_bcf69.dir\\ /FS -c C:\\Users\\Jwan\\Downloads\\ECG_project-main\\ECG_project-main\\vcpkg_installed\\vcpkg\\blds\\zlib\\x64-windows-rel\\CMakeFiles\\CMakeScratch\\TryCompile-71r9q0\\CheckIncludeFile.c
        FAILED: CMakeFiles/cmTC_bcf69.dir/CheckIncludeFile.c.obj 
        C:\\PROGRA~1\\MICROS~1\\2022\\COMMUN~1\\VC\\Tools\\MSVC\\1444~1.352\\bin\\Hostx64\\x64\\cl.exe  /nologo   /nologo /DWIN32 /D_WINDOWS /utf-8 /MP   /MDd /Z7 /Ob0 /Od /RTC1  -MDd /showIncludes /FoCMakeFiles\\cmTC_bcf69.dir\\CheckIncludeFile.c.obj /FdCMakeFiles\\cmTC_bcf69.dir\\ /FS -c C:\\Users\\Jwan\\Downloads\\ECG_project-main\\ECG_project-main\\vcpkg_installed\\vcpkg\\blds\\zlib\\x64-windows-rel\\CMakeFiles\\CMakeScratch\\TryCompile-71r9q0\\CheckIncludeFile.c
        C:\\Users\\Jwan\\Downloads\\ECG_project-main\\ECG_project-main\\vcpkg_installed\\vcpkg\\blds\\zlib\\x64-windows-rel\\CMakeFiles\\CMakeScratch\\TryCompile-71r9q0\\CheckIncludeFile.c(1): fatal error C1083: Cannot open include file: 'unistd.h': No such file or directory
        ninja: build stopped: subcommand failed.
        
      exitCode: 1
...
